Analysis & Synthesis report for first
Sun May 13 16:01:11 2012
Version 6.0 Build 178 04/27/2006 SJ Full Version


---------------------
; Table of Contents ;
---------------------
  1. Legal Notice
  2. Analysis & Synthesis Summary
  3. Analysis & Synthesis Settings
  4. Analysis & Synthesis Source Files Read
  5. Analysis & Synthesis Resource Usage Summary
  6. Analysis & Synthesis Resource Utilization by Entity
  7. General Register Statistics
  8. Parameter Settings for User Entity Instance: binaryToBCD:inst5|74283:inst27
  9. Parameter Settings for User Entity Instance: binaryToBCD:inst5|74283:inst7
 10. Parameter Settings for User Entity Instance: binaryToBCD:inst5|74283:inst
 11. Parameter Settings for User Entity Instance: binaryToBCD:inst5|74283:inst11
 12. Parameter Settings for User Entity Instance: binaryToBCD:inst5|74283:inst26
 13. Parameter Settings for User Entity Instance: binaryToBCD:inst5|74283:inst8
 14. Parameter Settings for User Entity Instance: mod60:inst|74163:inst
 15. Parameter Settings for User Entity Instance: mod60:inst|74163:inst1
 16. Parameter Settings for User Entity Instance: binaryToBCD:inst6|74283:inst27
 17. Parameter Settings for User Entity Instance: binaryToBCD:inst6|74283:inst7
 18. Parameter Settings for User Entity Instance: binaryToBCD:inst6|74283:inst
 19. Parameter Settings for User Entity Instance: binaryToBCD:inst6|74283:inst11
 20. Parameter Settings for User Entity Instance: binaryToBCD:inst6|74283:inst26
 21. Parameter Settings for User Entity Instance: binaryToBCD:inst6|74283:inst8
 22. Parameter Settings for User Entity Instance: mod60:inst1|74163:inst
 23. Parameter Settings for User Entity Instance: mod60:inst1|74163:inst1
 24. Parameter Settings for User Entity Instance: binaryToBCD:inst7|74283:inst27
 25. Parameter Settings for User Entity Instance: binaryToBCD:inst7|74283:inst7
 26. Parameter Settings for User Entity Instance: binaryToBCD:inst7|74283:inst
 27. Parameter Settings for User Entity Instance: binaryToBCD:inst7|74283:inst11
 28. Parameter Settings for User Entity Instance: binaryToBCD:inst7|74283:inst26
 29. Parameter Settings for User Entity Instance: binaryToBCD:inst7|74283:inst8
 30. Parameter Settings for User Entity Instance: mod24:inst2|74163:inst
 31. Parameter Settings for User Entity Instance: mod24:inst2|74163:inst1
 32. Analysis & Synthesis Messages



----------------
; Legal Notice ;
----------------
Copyright (C) 1991-2006 Altera Corporation
Your use of Altera Corporation's design tools, logic functions 
and other software and tools, and its AMPP partner logic 
functions, and any output files any of the foregoing 
(including device programming or simulation files), and any 
associated documentation or information are expressly subject 
to the terms and conditions of the Altera Program License 
Subscription Agreement, Altera MegaCore Function License 
Agreement, or other applicable license agreement, including, 
without limitation, that your use is for the sole purpose of 
programming logic devices manufactured by Altera and sold by 
Altera or its authorized distributors.  Please refer to the 
applicable agreement for further details.



+-------------------------------------------------------------------------------+
; Analysis & Synthesis Summary                                                  ;
+------------------------------------+------------------------------------------+
; Analysis & Synthesis Status        ; Successful - Sun May 13 16:01:10 2012    ;
; Quartus II Version                 ; 6.0 Build 178 04/27/2006 SJ Full Version ;
; Revision Name                      ; first                                    ;
; Top-level Entity Name              ; first                                    ;
; Family                             ; Cyclone II                               ;
; Total logic elements               ; 98                                       ;
; Total registers                    ; 28                                       ;
; Total pins                         ; 53                                       ;
; Total virtual pins                 ; 0                                        ;
; Total memory bits                  ; 0                                        ;
; Embedded Multiplier 9-bit elements ; 0                                        ;
; Total PLLs                         ; 0                                        ;
+------------------------------------+------------------------------------------+


+--------------------------------------------------------------------------------------------------------------+
; Analysis & Synthesis Settings                                                                                ;
+--------------------------------------------------------------------+--------------------+--------------------+
; Option                                                             ; Setting            ; Default Value      ;
+--------------------------------------------------------------------+--------------------+--------------------+
; Device                                                             ; EP2C8T144C8        ;                    ;
; Top-level entity name                                              ; first              ; first              ;
; Family name                                                        ; Cyclone II         ; Stratix            ;
; Use smart compilation                                              ; Off                ; Off                ;
; Restructure Multiplexers                                           ; Auto               ; Auto               ;
; Create Debugging Nodes for IP Cores                                ; Off                ; Off                ;
; Preserve fewer node names                                          ; On                 ; On                 ;
; Disable OpenCore Plus hardware evaluation                          ; Off                ; Off                ;
; Verilog Version                                                    ; Verilog_2001       ; Verilog_2001       ;
; VHDL Version                                                       ; VHDL93             ; VHDL93             ;
; State Machine Processing                                           ; Auto               ; Auto               ;
; Extract Verilog State Machines                                     ; On                 ; On                 ;
; Extract VHDL State Machines                                        ; On                 ; On                 ;
; Add Pass-Through Logic to Inferred RAMs                            ; On                 ; On                 ;
; DSP Block Balancing                                                ; Auto               ; Auto               ;
; Maximum DSP Block Usage                                            ; Unlimited          ; Unlimited          ;
; NOT Gate Push-Back                                                 ; On                 ; On                 ;
; Power-Up Don't Care                                                ; On                 ; On                 ;
; Remove Redundant Logic Cells                                       ; Off                ; Off                ;
; Remove Duplicate Registers                                         ; On                 ; On                 ;
; Ignore CARRY Buffers                                               ; Off                ; Off                ;
; Ignore CASCADE Buffers                                             ; Off                ; Off                ;
; Ignore GLOBAL Buffers                                              ; Off                ; Off                ;
; Ignore ROW GLOBAL Buffers                                          ; Off                ; Off                ;
; Ignore LCELL Buffers                                               ; Off                ; Off                ;
; Ignore SOFT Buffers                                                ; On                 ; On                 ;
; Limit AHDL Integers to 32 Bits                                     ; Off                ; Off                ;
; Optimization Technique -- Cyclone II                               ; Balanced           ; Balanced           ;
; Carry Chain Length -- Stratix/Stratix GX/Cyclone/MAX II/Cyclone II ; 70                 ; 70                 ;
; Auto Carry Chains                                                  ; On                 ; On                 ;
; Auto Open-Drain Pins                                               ; On                 ; On                 ;
; Remove Duplicate Logic                                             ; On                 ; On                 ;
; Perform WYSIWYG Primitive Resynthesis                              ; Off                ; Off                ;
; Perform gate-level register retiming                               ; Off                ; Off                ;
; Allow register retiming to trade off Tsu/Tco with Fmax             ; On                 ; On                 ;
; Auto ROM Replacement                                               ; On                 ; On                 ;
; Auto RAM Replacement                                               ; On                 ; On                 ;
; Auto Shift Register Replacement                                    ; On                 ; On                 ;
; Auto Clock Enable Replacement                                      ; On                 ; On                 ;
; Allow Synchronous Control Signals                                  ; On                 ; On                 ;
; Force Use of Synchronous Clear Signals                             ; Off                ; Off                ;
; Auto Resource Sharing                                              ; Off                ; Off                ;
; Allow Any RAM Size For Recognition                                 ; Off                ; Off                ;
; Allow Any ROM Size For Recognition                                 ; Off                ; Off                ;
; Allow Any Shift Register Size For Recognition                      ; Off                ; Off                ;
; Maximum Number of M4K Memory Blocks                                ; Unlimited          ; Unlimited          ;
; Ignore translate_off and translate_on Synthesis Directives         ; Off                ; Off                ;
; Show Parameter Settings Tables in Synthesis Report                 ; On                 ; On                 ;
; Ignore Maximum Fan-Out Assignments                                 ; Off                ; Off                ;
; Retiming Meta-Stability Register Sequence Length                   ; 2                  ; 2                  ;
; PowerPlay Power Optimization                                       ; Normal compilation ; Normal compilation ;
; HDL message level                                                  ; Level2             ; Level2             ;
+--------------------------------------------------------------------+--------------------+--------------------+


+----------------------------------------------------------------------------------------------------------------------------------------------------+
; Analysis & Synthesis Source Files Read                                                                                                             ;
+----------------------------------+-----------------+------------------------------------+----------------------------------------------------------+
; File Name with User-Entered Path ; Used in Netlist ; File Type                          ; File Name with Absolute Path                             ;
+----------------------------------+-----------------+------------------------------------+----------------------------------------------------------+
; binaryToBCD.bdf                  ; yes             ; User Block Diagram/Schematic File  ; F:/pro/wdgb/binaryToBCD.bdf                              ;
; same5.bdf                        ; yes             ; User Block Diagram/Schematic File  ; F:/pro/wdgb/same5.bdf                                    ;
; same6.bdf                        ; yes             ; User Block Diagram/Schematic File  ; F:/pro/wdgb/same6.bdf                                    ;
; first.bdf                        ; yes             ; User Block Diagram/Schematic File  ; F:/pro/wdgb/first.bdf                                    ;
; 74283.tdf                        ; yes             ; Megafunction                       ; c:/altera/quartus60/libraries/others/maxplus2/74283.tdf  ;
; aglobal.inc                      ; yes             ; Other                              ; c:/altera/quartus60/libraries/megafunctions/aglobal.inc  ;
; f74283.bdf                       ; yes             ; Megafunction                       ; c:/altera/quartus60/libraries/others/maxplus2/f74283.bdf ;
; mod60.bdf                        ; yes             ; Other                              ; F:/pro/wdgb/mod60.bdf                                    ;
; 74163.tdf                        ; yes             ; Megafunction                       ; c:/altera/quartus60/libraries/others/maxplus2/74163.tdf  ;
; f74163.bdf                       ; yes             ; Megafunction                       ; c:/altera/quartus60/libraries/others/maxplus2/f74163.bdf ;
; mod24.bdf                        ; yes             ; Other                              ; F:/pro/wdgb/mod24.bdf                                    ;
; 7474.bdf                         ; yes             ; Megafunction                       ; c:/altera/quartus60/libraries/others/maxplus2/7474.bdf   ;
+----------------------------------+-----------------+------------------------------------+----------------------------------------------------------+


+------------------------------------------------------------------------------------+
; Analysis & Synthesis Resource Usage Summary                                        ;
+---------------------------------------------+--------------------------------------+
; Resource                                    ; Usage                                ;
+---------------------------------------------+--------------------------------------+
; Estimated Total logic elements              ; 98                                   ;
; Total combinational functions               ; 98                                   ;
; Logic element usage by number of LUT inputs ;                                      ;
;     -- 4 input functions                    ; 67                                   ;
;     -- 3 input functions                    ; 26                                   ;
;     -- <=2 input functions                  ; 5                                    ;
;         -- Combinational cells for routing  ; 0                                    ;
; Logic elements by mode                      ;                                      ;
;     -- normal mode                          ; 98                                   ;
;     -- arithmetic mode                      ; 0                                    ;
; Total registers                             ; 28                                   ;
; I/O pins                                    ; 53                                   ;
; Maximum fan-out node                        ; mod60:inst|74163:inst1|f74163:sub|34 ;
; Maximum fan-out                             ; 19                                   ;
; Total fan-out                               ; 438                                  ;
; Average fan-out                             ; 2.45                                 ;
+---------------------------------------------+--------------------------------------+


+--------------------------------------------------------------------------------------------------------------------------------------------------------------------------------------------------+
; Analysis & Synthesis Resource Utilization by Entity                                                                                                                                              ;
+----------------------------+-------------------+--------------+-------------+------+--------------+---------+-----------+------+--------------+--------------------------------------------------+
; Compilation Hierarchy Node ; LC Combinationals ; LC Registers ; Memory Bits ; M4Ks ; DSP Elements ; DSP 9x9 ; DSP 18x18 ; Pins ; Virtual Pins ; Full Hierarchy Name                              ;
+----------------------------+-------------------+--------------+-------------+------+--------------+---------+-----------+------+--------------+--------------------------------------------------+
; |first                     ; 98 (13)           ; 28 (0)       ; 0           ; 0    ; 0            ; 0       ; 0         ; 53   ; 0            ; |first                                           ;
;    |binaryToBCD:inst5|     ; 20 (10)           ; 0 (0)        ; 0           ; 0    ; 0            ; 0       ; 0         ; 0    ; 0            ; |first|binaryToBCD:inst5                         ;
;       |74283:inst11|       ; 3 (0)             ; 0 (0)        ; 0           ; 0    ; 0            ; 0       ; 0         ; 0    ; 0            ; |first|binaryToBCD:inst5|74283:inst11            ;
;          |f74283:sub|      ; 3 (3)             ; 0 (0)        ; 0           ; 0    ; 0            ; 0       ; 0         ; 0    ; 0            ; |first|binaryToBCD:inst5|74283:inst11|f74283:sub ;
;       |74283:inst27|       ; 2 (0)             ; 0 (0)        ; 0           ; 0    ; 0            ; 0       ; 0         ; 0    ; 0            ; |first|binaryToBCD:inst5|74283:inst27            ;
;          |f74283:sub|      ; 2 (2)             ; 0 (0)        ; 0           ; 0    ; 0            ; 0       ; 0         ; 0    ; 0            ; |first|binaryToBCD:inst5|74283:inst27|f74283:sub ;
;       |74283:inst7|        ; 4 (0)             ; 0 (0)        ; 0           ; 0    ; 0            ; 0       ; 0         ; 0    ; 0            ; |first|binaryToBCD:inst5|74283:inst7             ;
;          |f74283:sub|      ; 4 (4)             ; 0 (0)        ; 0           ; 0    ; 0            ; 0       ; 0         ; 0    ; 0            ; |first|binaryToBCD:inst5|74283:inst7|f74283:sub  ;
;       |74283:inst|         ; 1 (0)             ; 0 (0)        ; 0           ; 0    ; 0            ; 0       ; 0         ; 0    ; 0            ; |first|binaryToBCD:inst5|74283:inst              ;
;          |f74283:sub|      ; 1 (1)             ; 0 (0)        ; 0           ; 0    ; 0            ; 0       ; 0         ; 0    ; 0            ; |first|binaryToBCD:inst5|74283:inst|f74283:sub   ;
;    |binaryToBCD:inst6|     ; 21 (10)           ; 0 (0)        ; 0           ; 0    ; 0            ; 0       ; 0         ; 0    ; 0            ; |first|binaryToBCD:inst6                         ;
;       |74283:inst11|       ; 3 (0)             ; 0 (0)        ; 0           ; 0    ; 0            ; 0       ; 0         ; 0    ; 0            ; |first|binaryToBCD:inst6|74283:inst11            ;
;          |f74283:sub|      ; 3 (3)             ; 0 (0)        ; 0           ; 0    ; 0            ; 0       ; 0         ; 0    ; 0            ; |first|binaryToBCD:inst6|74283:inst11|f74283:sub ;
;       |74283:inst27|       ; 3 (0)             ; 0 (0)        ; 0           ; 0    ; 0            ; 0       ; 0         ; 0    ; 0            ; |first|binaryToBCD:inst6|74283:inst27            ;
;          |f74283:sub|      ; 3 (3)             ; 0 (0)        ; 0           ; 0    ; 0            ; 0       ; 0         ; 0    ; 0            ; |first|binaryToBCD:inst6|74283:inst27|f74283:sub ;
;       |74283:inst7|        ; 4 (0)             ; 0 (0)        ; 0           ; 0    ; 0            ; 0       ; 0         ; 0    ; 0            ; |first|binaryToBCD:inst6|74283:inst7             ;
;          |f74283:sub|      ; 4 (4)             ; 0 (0)        ; 0           ; 0    ; 0            ; 0       ; 0         ; 0    ; 0            ; |first|binaryToBCD:inst6|74283:inst7|f74283:sub  ;
;       |74283:inst|         ; 1 (0)             ; 0 (0)        ; 0           ; 0    ; 0            ; 0       ; 0         ; 0    ; 0            ; |first|binaryToBCD:inst6|74283:inst              ;
;          |f74283:sub|      ; 1 (1)             ; 0 (0)        ; 0           ; 0    ; 0            ; 0       ; 0         ; 0    ; 0            ; |first|binaryToBCD:inst6|74283:inst|f74283:sub   ;
;    |binaryToBCD:inst7|     ; 5 (3)             ; 0 (0)        ; 0           ; 0    ; 0            ; 0       ; 0         ; 0    ; 0            ; |first|binaryToBCD:inst7                         ;
;       |74283:inst11|       ; 2 (0)             ; 0 (0)        ; 0           ; 0    ; 0            ; 0       ; 0         ; 0    ; 0            ; |first|binaryToBCD:inst7|74283:inst11            ;
;          |f74283:sub|      ; 2 (2)             ; 0 (0)        ; 0           ; 0    ; 0            ; 0       ; 0         ; 0    ; 0            ; |first|binaryToBCD:inst7|74283:inst11|f74283:sub ;
;    |mod24:inst2|           ; 13 (2)            ; 5 (0)        ; 0           ; 0    ; 0            ; 0       ; 0         ; 0    ; 0            ; |first|mod24:inst2                               ;
;       |74163:inst1|        ; 2 (0)             ; 1 (0)        ; 0           ; 0    ; 0            ; 0       ; 0         ; 0    ; 0            ; |first|mod24:inst2|74163:inst1                   ;
;          |f74163:sub|      ; 2 (2)             ; 1 (1)        ; 0           ; 0    ; 0            ; 0       ; 0         ; 0    ; 0            ; |first|mod24:inst2|74163:inst1|f74163:sub        ;
;       |74163:inst|         ; 9 (0)             ; 4 (0)        ; 0           ; 0    ; 0            ; 0       ; 0         ; 0    ; 0            ; |first|mod24:inst2|74163:inst                    ;
;          |f74163:sub|      ; 9 (9)             ; 4 (4)        ; 0           ; 0    ; 0            ; 0       ; 0         ; 0    ; 0            ; |first|mod24:inst2|74163:inst|f74163:sub         ;
;    |mod60:inst1|           ; 14 (1)            ; 6 (0)        ; 0           ; 0    ; 0            ; 0       ; 0         ; 0    ; 0            ; |first|mod60:inst1                               ;
;       |74163:inst1|        ; 4 (0)             ; 2 (0)        ; 0           ; 0    ; 0            ; 0       ; 0         ; 0    ; 0            ; |first|mod60:inst1|74163:inst1                   ;
;          |f74163:sub|      ; 4 (4)             ; 2 (2)        ; 0           ; 0    ; 0            ; 0       ; 0         ; 0    ; 0            ; |first|mod60:inst1|74163:inst1|f74163:sub        ;
;       |74163:inst|         ; 9 (0)             ; 4 (0)        ; 0           ; 0    ; 0            ; 0       ; 0         ; 0    ; 0            ; |first|mod60:inst1|74163:inst                    ;
;          |f74163:sub|      ; 9 (9)             ; 4 (4)        ; 0           ; 0    ; 0            ; 0       ; 0         ; 0    ; 0            ; |first|mod60:inst1|74163:inst|f74163:sub         ;
;    |mod60:inst|            ; 11 (2)            ; 6 (0)        ; 0           ; 0    ; 0            ; 0       ; 0         ; 0    ; 0            ; |first|mod60:inst                                ;
;       |74163:inst1|        ; 4 (0)             ; 2 (0)        ; 0           ; 0    ; 0            ; 0       ; 0         ; 0    ; 0            ; |first|mod60:inst|74163:inst1                    ;
;          |f74163:sub|      ; 4 (4)             ; 2 (2)        ; 0           ; 0    ; 0            ; 0       ; 0         ; 0    ; 0            ; |first|mod60:inst|74163:inst1|f74163:sub         ;
;       |74163:inst|         ; 5 (0)             ; 4 (0)        ; 0           ; 0    ; 0            ; 0       ; 0         ; 0    ; 0            ; |first|mod60:inst|74163:inst                     ;
;          |f74163:sub|      ; 5 (5)             ; 4 (4)        ; 0           ; 0    ; 0            ; 0       ; 0         ; 0    ; 0            ; |first|mod60:inst|74163:inst|f74163:sub          ;
;    |same5:inst51|          ; 0 (0)             ; 5 (0)        ; 0           ; 0    ; 0            ; 0       ; 0         ; 0    ; 0            ; |first|same5:inst51                              ;
;       |7474:inst1|         ; 0 (0)             ; 1 (1)        ; 0           ; 0    ; 0            ; 0       ; 0         ; 0    ; 0            ; |first|same5:inst51|7474:inst1                   ;
;       |7474:inst2|         ; 0 (0)             ; 1 (1)        ; 0           ; 0    ; 0            ; 0       ; 0         ; 0    ; 0            ; |first|same5:inst51|7474:inst2                   ;
;       |7474:inst3|         ; 0 (0)             ; 1 (1)        ; 0           ; 0    ; 0            ; 0       ; 0         ; 0    ; 0            ; |first|same5:inst51|7474:inst3                   ;
;       |7474:inst4|         ; 0 (0)             ; 1 (1)        ; 0           ; 0    ; 0            ; 0       ; 0         ; 0    ; 0            ; |first|same5:inst51|7474:inst4                   ;
;       |7474:inst|          ; 0 (0)             ; 1 (1)        ; 0           ; 0    ; 0            ; 0       ; 0         ; 0    ; 0            ; |first|same5:inst51|7474:inst                    ;
;    |same6:inst52|          ; 1 (1)             ; 6 (0)        ; 0           ; 0    ; 0            ; 0       ; 0         ; 0    ; 0            ; |first|same6:inst52                              ;
;       |7474:inst17|        ; 0 (0)             ; 1 (1)        ; 0           ; 0    ; 0            ; 0       ; 0         ; 0    ; 0            ; |first|same6:inst52|7474:inst17                  ;
;       |7474:inst1|         ; 0 (0)             ; 1 (1)        ; 0           ; 0    ; 0            ; 0       ; 0         ; 0    ; 0            ; |first|same6:inst52|7474:inst1                   ;
;       |7474:inst2|         ; 0 (0)             ; 1 (1)        ; 0           ; 0    ; 0            ; 0       ; 0         ; 0    ; 0            ; |first|same6:inst52|7474:inst2                   ;
;       |7474:inst3|         ; 0 (0)             ; 1 (1)        ; 0           ; 0    ; 0            ; 0       ; 0         ; 0    ; 0            ; |first|same6:inst52|7474:inst3                   ;
;       |7474:inst4|         ; 0 (0)             ; 1 (1)        ; 0           ; 0    ; 0            ; 0       ; 0         ; 0    ; 0            ; |first|same6:inst52|7474:inst4                   ;
;       |7474:inst|          ; 0 (0)             ; 1 (1)        ; 0           ; 0    ; 0            ; 0       ; 0         ; 0    ; 0            ; |first|same6:inst52|7474:inst                    ;
+----------------------------+-------------------+--------------+-------------+------+--------------+---------+-----------+------+--------------+--------------------------------------------------+
Note: For table entries with two numbers listed, the numbers in parentheses indicate the number of resources of the given type used by the specific entity alone. The numbers listed outside of parentheses indicate the total resources of the given type used by the specific entity and all of its sub-entities in the hierarchy.


+------------------------------------------------------+
; General Register Statistics                          ;
+----------------------------------------------+-------+
; Statistic                                    ; Value ;
+----------------------------------------------+-------+
; Total registers                              ; 28    ;
; Number of registers using Synchronous Clear  ; 0     ;
; Number of registers using Synchronous Load   ; 0     ;
; Number of registers using Asynchronous Clear ; 0     ;
; Number of registers using Asynchronous Load  ; 0     ;
; Number of registers using Clock Enable       ; 0     ;
; Number of registers using Preset             ; 0     ;
+----------------------------------------------+-------+


+-----------------------------------------------------------------------------+
; Parameter Settings for User Entity Instance: binaryToBCD:inst5|74283:inst27 ;
+------------------------+------------+---------------------------------------+
; Parameter Name         ; Value      ; Type                                  ;
+------------------------+------------+---------------------------------------+
; DEVICE_FAMILY          ; Cyclone II ; Untyped                               ;
; AUTO_CARRY_CHAINS      ; ON         ; AUTO_CARRY                            ;
; IGNORE_CARRY_BUFFERS   ; OFF        ; IGNORE_CARRY                          ;
; AUTO_CASCADE_CHAINS    ; ON         ; AUTO_CASCADE                          ;
; IGNORE_CASCADE_BUFFERS ; OFF        ; IGNORE_CASCADE                        ;
+------------------------+------------+---------------------------------------+
Note: In order to hide this table in the UI and the text report file, please set the "Show Parameter Settings Tables in Synthesis Report" option in "Analysis and Synthesis Settings -> More Settings" to "Off".


+----------------------------------------------------------------------------+
; Parameter Settings for User Entity Instance: binaryToBCD:inst5|74283:inst7 ;
+------------------------+------------+--------------------------------------+
; Parameter Name         ; Value      ; Type                                 ;
+------------------------+------------+--------------------------------------+
; DEVICE_FAMILY          ; Cyclone II ; Untyped                              ;
; AUTO_CARRY_CHAINS      ; ON         ; AUTO_CARRY                           ;
; IGNORE_CARRY_BUFFERS   ; OFF        ; IGNORE_CARRY                         ;
; AUTO_CASCADE_CHAINS    ; ON         ; AUTO_CASCADE                         ;
; IGNORE_CASCADE_BUFFERS ; OFF        ; IGNORE_CASCADE                       ;
+------------------------+------------+--------------------------------------+
Note: In order to hide this table in the UI and the text report file, please set the "Show Parameter Settings Tables in Synthesis Report" option in "Analysis and Synthesis Settings -> More Settings" to "Off".


+---------------------------------------------------------------------------+
; Parameter Settings for User Entity Instance: binaryToBCD:inst5|74283:inst ;
+------------------------+------------+-------------------------------------+
; Parameter Name         ; Value      ; Type                                ;
+------------------------+------------+-------------------------------------+
; DEVICE_FAMILY          ; Cyclone II ; Untyped                             ;
; AUTO_CARRY_CHAINS      ; ON         ; AUTO_CARRY                          ;
; IGNORE_CARRY_BUFFERS   ; OFF        ; IGNORE_CARRY                        ;
; AUTO_CASCADE_CHAINS    ; ON         ; AUTO_CASCADE                        ;
; IGNORE_CASCADE_BUFFERS ; OFF        ; IGNORE_CASCADE                      ;
+------------------------+------------+-------------------------------------+
Note: In order to hide this table in the UI and the text report file, please set the "Show Parameter Settings Tables in Synthesis Report" option in "Analysis and Synthesis Settings -> More Settings" to "Off".


+-----------------------------------------------------------------------------+
; Parameter Settings for User Entity Instance: binaryToBCD:inst5|74283:inst11 ;
+------------------------+------------+---------------------------------------+
; Parameter Name         ; Value      ; Type                                  ;
+------------------------+------------+---------------------------------------+
; DEVICE_FAMILY          ; Cyclone II ; Untyped                               ;
; AUTO_CARRY_CHAINS      ; ON         ; AUTO_CARRY                            ;
; IGNORE_CARRY_BUFFERS   ; OFF        ; IGNORE_CARRY                          ;
; AUTO_CASCADE_CHAINS    ; ON         ; AUTO_CASCADE                          ;
; IGNORE_CASCADE_BUFFERS ; OFF        ; IGNORE_CASCADE                        ;
+------------------------+------------+---------------------------------------+
Note: In order to hide this table in the UI and the text report file, please set the "Show Parameter Settings Tables in Synthesis Report" option in "Analysis and Synthesis Settings -> More Settings" to "Off".


+-----------------------------------------------------------------------------+
; Parameter Settings for User Entity Instance: binaryToBCD:inst5|74283:inst26 ;
+------------------------+------------+---------------------------------------+
; Parameter Name         ; Value      ; Type                                  ;
+------------------------+------------+---------------------------------------+
; DEVICE_FAMILY          ; Cyclone II ; Untyped                               ;
; AUTO_CARRY_CHAINS      ; ON         ; AUTO_CARRY                            ;
; IGNORE_CARRY_BUFFERS   ; OFF        ; IGNORE_CARRY                          ;
; AUTO_CASCADE_CHAINS    ; ON         ; AUTO_CASCADE                          ;
; IGNORE_CASCADE_BUFFERS ; OFF        ; IGNORE_CASCADE                        ;
+------------------------+------------+---------------------------------------+
Note: In order to hide this table in the UI and the text report file, please set the "Show Parameter Settings Tables in Synthesis Report" option in "Analysis and Synthesis Settings -> More Settings" to "Off".


+----------------------------------------------------------------------------+
; Parameter Settings for User Entity Instance: binaryToBCD:inst5|74283:inst8 ;
+------------------------+------------+--------------------------------------+
; Parameter Name         ; Value      ; Type                                 ;
+------------------------+------------+--------------------------------------+
; DEVICE_FAMILY          ; Cyclone II ; Untyped                              ;
; AUTO_CARRY_CHAINS      ; ON         ; AUTO_CARRY                           ;
; IGNORE_CARRY_BUFFERS   ; OFF        ; IGNORE_CARRY                         ;
; AUTO_CASCADE_CHAINS    ; ON         ; AUTO_CASCADE                         ;
; IGNORE_CASCADE_BUFFERS ; OFF        ; IGNORE_CASCADE                       ;
+------------------------+------------+--------------------------------------+
Note: In order to hide this table in the UI and the text report file, please set the "Show Parameter Settings Tables in Synthesis Report" option in "Analysis and Synthesis Settings -> More Settings" to "Off".


+--------------------------------------------------------------------+
; Parameter Settings for User Entity Instance: mod60:inst|74163:inst ;
+------------------------+------------+------------------------------+
; Parameter Name         ; Value      ; Type                         ;
+------------------------+------------+------------------------------+
; DEVICE_FAMILY          ; Cyclone II ; Untyped                      ;
; AUTO_CARRY_CHAINS      ; ON         ; AUTO_CARRY                   ;
; IGNORE_CARRY_BUFFERS   ; OFF        ; IGNORE_CARRY                 ;
; AUTO_CASCADE_CHAINS    ; ON         ; AUTO_CASCADE                 ;
; IGNORE_CASCADE_BUFFERS ; OFF        ; IGNORE_CASCADE               ;
+------------------------+------------+------------------------------+
Note: In order to hide this table in the UI and the text report file, please set the "Show Parameter Settings Tables in Synthesis Report" option in "Analysis and Synthesis Settings -> More Settings" to "Off".


+---------------------------------------------------------------------+
; Parameter Settings for User Entity Instance: mod60:inst|74163:inst1 ;
+------------------------+------------+-------------------------------+
; Parameter Name         ; Value      ; Type                          ;
+------------------------+------------+-------------------------------+
; DEVICE_FAMILY          ; Cyclone II ; Untyped                       ;
; AUTO_CARRY_CHAINS      ; ON         ; AUTO_CARRY                    ;
; IGNORE_CARRY_BUFFERS   ; OFF        ; IGNORE_CARRY                  ;
; AUTO_CASCADE_CHAINS    ; ON         ; AUTO_CASCADE                  ;
; IGNORE_CASCADE_BUFFERS ; OFF        ; IGNORE_CASCADE                ;
+------------------------+------------+-------------------------------+
Note: In order to hide this table in the UI and the text report file, please set the "Show Parameter Settings Tables in Synthesis Report" option in "Analysis and Synthesis Settings -> More Settings" to "Off".


+-----------------------------------------------------------------------------+
; Parameter Settings for User Entity Instance: binaryToBCD:inst6|74283:inst27 ;
+------------------------+------------+---------------------------------------+
; Parameter Name         ; Value      ; Type                                  ;
+------------------------+------------+---------------------------------------+
; DEVICE_FAMILY          ; Cyclone II ; Untyped                               ;
; AUTO_CARRY_CHAINS      ; ON         ; AUTO_CARRY                            ;
; IGNORE_CARRY_BUFFERS   ; OFF        ; IGNORE_CARRY                          ;
; AUTO_CASCADE_CHAINS    ; ON         ; AUTO_CASCADE                          ;
; IGNORE_CASCADE_BUFFERS ; OFF        ; IGNORE_CASCADE                        ;
+------------------------+------------+---------------------------------------+
Note: In order to hide this table in the UI and the text report file, please set the "Show Parameter Settings Tables in Synthesis Report" option in "Analysis and Synthesis Settings -> More Settings" to "Off".


+----------------------------------------------------------------------------+
; Parameter Settings for User Entity Instance: binaryToBCD:inst6|74283:inst7 ;
+------------------------+------------+--------------------------------------+
; Parameter Name         ; Value      ; Type                                 ;
+------------------------+------------+--------------------------------------+
; DEVICE_FAMILY          ; Cyclone II ; Untyped                              ;
; AUTO_CARRY_CHAINS      ; ON         ; AUTO_CARRY                           ;
; IGNORE_CARRY_BUFFERS   ; OFF        ; IGNORE_CARRY                         ;
; AUTO_CASCADE_CHAINS    ; ON         ; AUTO_CASCADE                         ;
; IGNORE_CASCADE_BUFFERS ; OFF        ; IGNORE_CASCADE                       ;
+------------------------+------------+--------------------------------------+
Note: In order to hide this table in the UI and the text report file, please set the "Show Parameter Settings Tables in Synthesis Report" option in "Analysis and Synthesis Settings -> More Settings" to "Off".


+---------------------------------------------------------------------------+
; Parameter Settings for User Entity Instance: binaryToBCD:inst6|74283:inst ;
+------------------------+------------+-------------------------------------+
; Parameter Name         ; Value      ; Type                                ;
+------------------------+------------+-------------------------------------+
; DEVICE_FAMILY          ; Cyclone II ; Untyped                             ;
; AUTO_CARRY_CHAINS      ; ON         ; AUTO_CARRY                          ;
; IGNORE_CARRY_BUFFERS   ; OFF        ; IGNORE_CARRY                        ;
; AUTO_CASCADE_CHAINS    ; ON         ; AUTO_CASCADE                        ;
; IGNORE_CASCADE_BUFFERS ; OFF        ; IGNORE_CASCADE                      ;
+------------------------+------------+-------------------------------------+
Note: In order to hide this table in the UI and the text report file, please set the "Show Parameter Settings Tables in Synthesis Report" option in "Analysis and Synthesis Settings -> More Settings" to "Off".


+-----------------------------------------------------------------------------+
; Parameter Settings for User Entity Instance: binaryToBCD:inst6|74283:inst11 ;
+------------------------+------------+---------------------------------------+
; Parameter Name         ; Value      ; Type                                  ;
+------------------------+------------+---------------------------------------+
; DEVICE_FAMILY          ; Cyclone II ; Untyped                               ;
; AUTO_CARRY_CHAINS      ; ON         ; AUTO_CARRY                            ;
; IGNORE_CARRY_BUFFERS   ; OFF        ; IGNORE_CARRY                          ;
; AUTO_CASCADE_CHAINS    ; ON         ; AUTO_CASCADE                          ;
; IGNORE_CASCADE_BUFFERS ; OFF        ; IGNORE_CASCADE                        ;
+------------------------+------------+---------------------------------------+
Note: In order to hide this table in the UI and the text report file, please set the "Show Parameter Settings Tables in Synthesis Report" option in "Analysis and Synthesis Settings -> More Settings" to "Off".


+-----------------------------------------------------------------------------+
; Parameter Settings for User Entity Instance: binaryToBCD:inst6|74283:inst26 ;
+------------------------+------------+---------------------------------------+
; Parameter Name         ; Value      ; Type                                  ;
+------------------------+------------+---------------------------------------+
; DEVICE_FAMILY          ; Cyclone II ; Untyped                               ;
; AUTO_CARRY_CHAINS      ; ON         ; AUTO_CARRY                            ;
; IGNORE_CARRY_BUFFERS   ; OFF        ; IGNORE_CARRY                          ;
; AUTO_CASCADE_CHAINS    ; ON         ; AUTO_CASCADE                          ;
; IGNORE_CASCADE_BUFFERS ; OFF        ; IGNORE_CASCADE                        ;
+------------------------+------------+---------------------------------------+
Note: In order to hide this table in the UI and the text report file, please set the "Show Parameter Settings Tables in Synthesis Report" option in "Analysis and Synthesis Settings -> More Settings" to "Off".


+----------------------------------------------------------------------------+
; Parameter Settings for User Entity Instance: binaryToBCD:inst6|74283:inst8 ;
+------------------------+------------+--------------------------------------+
; Parameter Name         ; Value      ; Type                                 ;
+------------------------+------------+--------------------------------------+
; DEVICE_FAMILY          ; Cyclone II ; Untyped                              ;
; AUTO_CARRY_CHAINS      ; ON         ; AUTO_CARRY                           ;
; IGNORE_CARRY_BUFFERS   ; OFF        ; IGNORE_CARRY                         ;
; AUTO_CASCADE_CHAINS    ; ON         ; AUTO_CASCADE                         ;
; IGNORE_CASCADE_BUFFERS ; OFF        ; IGNORE_CASCADE                       ;
+------------------------+------------+--------------------------------------+
Note: In order to hide this table in the UI and the text report file, please set the "Show Parameter Settings Tables in Synthesis Report" option in "Analysis and Synthesis Settings -> More Settings" to "Off".


+---------------------------------------------------------------------+
; Parameter Settings for User Entity Instance: mod60:inst1|74163:inst ;
+------------------------+------------+-------------------------------+
; Parameter Name         ; Value      ; Type                          ;
+------------------------+------------+-------------------------------+
; DEVICE_FAMILY          ; Cyclone II ; Untyped                       ;
; AUTO_CARRY_CHAINS      ; ON         ; AUTO_CARRY                    ;
; IGNORE_CARRY_BUFFERS   ; OFF        ; IGNORE_CARRY                  ;
; AUTO_CASCADE_CHAINS    ; ON         ; AUTO_CASCADE                  ;
; IGNORE_CASCADE_BUFFERS ; OFF        ; IGNORE_CASCADE                ;
+------------------------+------------+-------------------------------+
Note: In order to hide this table in the UI and the text report file, please set the "Show Parameter Settings Tables in Synthesis Report" option in "Analysis and Synthesis Settings -> More Settings" to "Off".


+----------------------------------------------------------------------+
; Parameter Settings for User Entity Instance: mod60:inst1|74163:inst1 ;
+------------------------+------------+--------------------------------+
; Parameter Name         ; Value      ; Type                           ;
+------------------------+------------+--------------------------------+
; DEVICE_FAMILY          ; Cyclone II ; Untyped                        ;
; AUTO_CARRY_CHAINS      ; ON         ; AUTO_CARRY                     ;
; IGNORE_CARRY_BUFFERS   ; OFF        ; IGNORE_CARRY                   ;
; AUTO_CASCADE_CHAINS    ; ON         ; AUTO_CASCADE                   ;
; IGNORE_CASCADE_BUFFERS ; OFF        ; IGNORE_CASCADE                 ;
+------------------------+------------+--------------------------------+
Note: In order to hide this table in the UI and the text report file, please set the "Show Parameter Settings Tables in Synthesis Report" option in "Analysis and Synthesis Settings -> More Settings" to "Off".


+-----------------------------------------------------------------------------+
; Parameter Settings for User Entity Instance: binaryToBCD:inst7|74283:inst27 ;
+------------------------+------------+---------------------------------------+
; Parameter Name         ; Value      ; Type                                  ;
+------------------------+------------+---------------------------------------+
; DEVICE_FAMILY          ; Cyclone II ; Untyped                               ;
; AUTO_CARRY_CHAINS      ; ON         ; AUTO_CARRY                            ;
; IGNORE_CARRY_BUFFERS   ; OFF        ; IGNORE_CARRY                          ;
; AUTO_CASCADE_CHAINS    ; ON         ; AUTO_CASCADE                          ;
; IGNORE_CASCADE_BUFFERS ; OFF        ; IGNORE_CASCADE                        ;
+------------------------+------------+---------------------------------------+
Note: In order to hide this table in the UI and the text report file, please set the "Show Parameter Settings Tables in Synthesis Report" option in "Analysis and Synthesis Settings -> More Settings" to "Off".


+----------------------------------------------------------------------------+
; Parameter Settings for User Entity Instance: binaryToBCD:inst7|74283:inst7 ;
+------------------------+------------+--------------------------------------+
; Parameter Name         ; Value      ; Type                                 ;
+------------------------+------------+--------------------------------------+
; DEVICE_FAMILY          ; Cyclone II ; Untyped                              ;
; AUTO_CARRY_CHAINS      ; ON         ; AUTO_CARRY                           ;
; IGNORE_CARRY_BUFFERS   ; OFF        ; IGNORE_CARRY                         ;
; AUTO_CASCADE_CHAINS    ; ON         ; AUTO_CASCADE                         ;
; IGNORE_CASCADE_BUFFERS ; OFF        ; IGNORE_CASCADE                       ;
+------------------------+------------+--------------------------------------+
Note: In order to hide this table in the UI and the text report file, please set the "Show Parameter Settings Tables in Synthesis Report" option in "Analysis and Synthesis Settings -> More Settings" to "Off".


+---------------------------------------------------------------------------+
; Parameter Settings for User Entity Instance: binaryToBCD:inst7|74283:inst ;
+------------------------+------------+-------------------------------------+
; Parameter Name         ; Value      ; Type                                ;
+------------------------+------------+-------------------------------------+
; DEVICE_FAMILY          ; Cyclone II ; Untyped                             ;
; AUTO_CARRY_CHAINS      ; ON         ; AUTO_CARRY                          ;
; IGNORE_CARRY_BUFFERS   ; OFF        ; IGNORE_CARRY                        ;
; AUTO_CASCADE_CHAINS    ; ON         ; AUTO_CASCADE                        ;
; IGNORE_CASCADE_BUFFERS ; OFF        ; IGNORE_CASCADE                      ;
+------------------------+------------+-------------------------------------+
Note: In order to hide this table in the UI and the text report file, please set the "Show Parameter Settings Tables in Synthesis Report" option in "Analysis and Synthesis Settings -> More Settings" to "Off".


+-----------------------------------------------------------------------------+
; Parameter Settings for User Entity Instance: binaryToBCD:inst7|74283:inst11 ;
+------------------------+------------+---------------------------------------+
; Parameter Name         ; Value      ; Type                                  ;
+------------------------+------------+---------------------------------------+
; DEVICE_FAMILY          ; Cyclone II ; Untyped                               ;
; AUTO_CARRY_CHAINS      ; ON         ; AUTO_CARRY                            ;
; IGNORE_CARRY_BUFFERS   ; OFF        ; IGNORE_CARRY                          ;
; AUTO_CASCADE_CHAINS    ; ON         ; AUTO_CASCADE                          ;
; IGNORE_CASCADE_BUFFERS ; OFF        ; IGNORE_CASCADE                        ;
+------------------------+------------+---------------------------------------+
Note: In order to hide this table in the UI and the text report file, please set the "Show Parameter Settings Tables in Synthesis Report" option in "Analysis and Synthesis Settings -> More Settings" to "Off".


+-----------------------------------------------------------------------------+
; Parameter Settings for User Entity Instance: binaryToBCD:inst7|74283:inst26 ;
+------------------------+------------+---------------------------------------+
; Parameter Name         ; Value      ; Type                                  ;
+------------------------+------------+---------------------------------------+
; DEVICE_FAMILY          ; Cyclone II ; Untyped                               ;
; AUTO_CARRY_CHAINS      ; ON         ; AUTO_CARRY                            ;
; IGNORE_CARRY_BUFFERS   ; OFF        ; IGNORE_CARRY                          ;
; AUTO_CASCADE_CHAINS    ; ON         ; AUTO_CASCADE                          ;
; IGNORE_CASCADE_BUFFERS ; OFF        ; IGNORE_CASCADE                        ;
+------------------------+------------+---------------------------------------+
Note: In order to hide this table in the UI and the text report file, please set the "Show Parameter Settings Tables in Synthesis Report" option in "Analysis and Synthesis Settings -> More Settings" to "Off".


+----------------------------------------------------------------------------+
; Parameter Settings for User Entity Instance: binaryToBCD:inst7|74283:inst8 ;
+------------------------+------------+--------------------------------------+
; Parameter Name         ; Value      ; Type                                 ;
+------------------------+------------+--------------------------------------+
; DEVICE_FAMILY          ; Cyclone II ; Untyped                              ;
; AUTO_CARRY_CHAINS      ; ON         ; AUTO_CARRY                           ;
; IGNORE_CARRY_BUFFERS   ; OFF        ; IGNORE_CARRY                         ;
; AUTO_CASCADE_CHAINS    ; ON         ; AUTO_CASCADE                         ;
; IGNORE_CASCADE_BUFFERS ; OFF        ; IGNORE_CASCADE                       ;
+------------------------+------------+--------------------------------------+
Note: In order to hide this table in the UI and the text report file, please set the "Show Parameter Settings Tables in Synthesis Report" option in "Analysis and Synthesis Settings -> More Settings" to "Off".


+---------------------------------------------------------------------+
; Parameter Settings for User Entity Instance: mod24:inst2|74163:inst ;
+------------------------+------------+-------------------------------+
; Parameter Name         ; Value      ; Type                          ;
+------------------------+------------+-------------------------------+
; DEVICE_FAMILY          ; Cyclone II ; Untyped                       ;
; AUTO_CARRY_CHAINS      ; ON         ; AUTO_CARRY                    ;
; IGNORE_CARRY_BUFFERS   ; OFF        ; IGNORE_CARRY                  ;
; AUTO_CASCADE_CHAINS    ; ON         ; AUTO_CASCADE                  ;
; IGNORE_CASCADE_BUFFERS ; OFF        ; IGNORE_CASCADE                ;
+------------------------+------------+-------------------------------+
Note: In order to hide this table in the UI and the text report file, please set the "Show Parameter Settings Tables in Synthesis Report" option in "Analysis and Synthesis Settings -> More Settings" to "Off".


+----------------------------------------------------------------------+
; Parameter Settings for User Entity Instance: mod24:inst2|74163:inst1 ;
+------------------------+------------+--------------------------------+
; Parameter Name         ; Value      ; Type                           ;
+------------------------+------------+--------------------------------+
; DEVICE_FAMILY          ; Cyclone II ; Untyped                        ;
; AUTO_CARRY_CHAINS      ; ON         ; AUTO_CARRY                     ;
; IGNORE_CARRY_BUFFERS   ; OFF        ; IGNORE_CARRY                   ;
; AUTO_CASCADE_CHAINS    ; ON         ; AUTO_CASCADE                   ;
; IGNORE_CASCADE_BUFFERS ; OFF        ; IGNORE_CASCADE                 ;
+------------------------+------------+--------------------------------+
Note: In order to hide this table in the UI and the text report file, please set the "Show Parameter Settings Tables in Synthesis Report" option in "Analysis and Synthesis Settings -> More Settings" to "Off".


+-------------------------------+
; Analysis & Synthesis Messages ;
+-------------------------------+
Info: *******************************************************************
Info: Running Quartus II Analysis & Synthesis
    Info: Version 6.0 Build 178 04/27/2006 SJ Full Version
    Info: Processing started: Sun May 13 16:00:58 2012
Info: Command: quartus_map --read_settings_files=on --write_settings_files=off first -c first
Info: Found 1 design units, including 1 entities, in source file binaryToBCD.bdf
    Info: Found entity 1: binaryToBCD
Info: Found 1 design units, including 1 entities, in source file same5.bdf
    Info: Found entity 1: same5
Info: Found 1 design units, including 1 entities, in source file same6.bdf
    Info: Found entity 1: same6
Info: Found 1 design units, including 1 entities, in source file first.bdf
    Info: Found entity 1: first
Info: Elaborating entity "first" for the top level hierarchy
Warning: Port "/CLR" of type mod60 and instance "inst" is missing source signal
Info: Elaborating entity "binaryToBCD" for hierarchy "binaryToBCD:inst5"
Info: Found 1 design units, including 1 entities, in source file c:/altera/quartus60/libraries/others/maxplus2/74283.tdf
    Info: Found entity 1: 74283
Info: Elaborating entity "74283" for hierarchy "binaryToBCD:inst5|74283:inst27"
Info: Elaborated megafunction instantiation "binaryToBCD:inst5|74283:inst27"
Info: Found 1 design units, including 1 entities, in source file c:/altera/quartus60/libraries/others/maxplus2/f74283.bdf
    Info: Found entity 1: f74283
Info: Elaborating entity "f74283" for hierarchy "binaryToBCD:inst5|74283:inst27|f74283:sub"
Info: Elaborated megafunction instantiation "binaryToBCD:inst5|74283:inst27|f74283:sub", which is child of megafunction instantiation "binaryToBCD:inst5|74283:inst27"
Info: Elaborating entity "74283" for hierarchy "binaryToBCD:inst5|74283:inst7"
Info: Elaborated megafunction instantiation "binaryToBCD:inst5|74283:inst7"
Info: Elaborating entity "74283" for hierarchy "binaryToBCD:inst5|74283:inst"
Info: Elaborated megafunction instantiation "binaryToBCD:inst5|74283:inst"
Info: Elaborating entity "74283" for hierarchy "binaryToBCD:inst5|74283:inst11"
Info: Elaborated megafunction instantiation "binaryToBCD:inst5|74283:inst11"
Info: Elaborating entity "74283" for hierarchy "binaryToBCD:inst5|74283:inst8"
Info: Elaborated megafunction instantiation "binaryToBCD:inst5|74283:inst8"
Warning: Using design file mod60.bdf, which is not specified as a design file for the current project, but contains definitions for 1 design units and 1 entities in project
    Info: Found entity 1: mod60
Info: Elaborating entity "mod60" for hierarchy "mod60:inst"
Warning: Pin "D" overlaps another pin, block, or symbol
Info: Found 1 design units, including 1 entities, in source file c:/altera/quartus60/libraries/others/maxplus2/74163.tdf
    Info: Found entity 1: 74163
Info: Elaborating entity "74163" for hierarchy "mod60:inst|74163:inst"
Info: Elaborated megafunction instantiation "mod60:inst|74163:inst"
Info: Found 1 design units, including 1 entities, in source file c:/altera/quartus60/libraries/others/maxplus2/f74163.bdf
    Info: Found entity 1: f74163
Info: Elaborating entity "f74163" for hierarchy "mod60:inst|74163:inst|f74163:sub"
Info: Elaborated megafunction instantiation "mod60:inst|74163:inst|f74163:sub", which is child of megafunction instantiation "mod60:inst|74163:inst"
Info: Elaborating entity "74163" for hierarchy "mod60:inst|74163:inst1"
Info: Elaborated megafunction instantiation "mod60:inst|74163:inst1"
Warning: Using design file mod24.bdf, which is not specified as a design file for the current project, but contains definitions for 1 design units and 1 entities in project
    Info: Found entity 1: mod24
Info: Elaborating entity "mod24" for hierarchy "mod24:inst2"
Info: Elaborating entity "74163" for hierarchy "mod24:inst2|74163:inst1"
Info: Elaborated megafunction instantiation "mod24:inst2|74163:inst1"
Info: Elaborating entity "same5" for hierarchy "same5:inst51"
Warning: Port "2D" of type 7474 and instance "inst2" is missing source signal
Warning: Port "2PRN" of type 7474 and instance "inst2" is missing source signal
Warning: Port "1PRN" of type 7474 and instance "inst2" is missing source signal
Warning: Port "2CLK" of type 7474 and instance "inst2" is missing source signal
Warning: Port "2CLRN" of type 7474 and instance "inst2" is missing source signal
Warning: Port "1CLRN" of type 7474 and instance "inst2" is missing source signal
Warning: Port "2D" of type 7474 and instance "inst" is missing source signal
Warning: Port "2PRN" of type 7474 and instance "inst" is missing source signal
Warning: Port "1PRN" of type 7474 and instance "inst" is missing source signal
Warning: Port "2CLK" of type 7474 and instance "inst" is missing source signal
Warning: Port "2CLRN" of type 7474 and instance "inst" is missing source signal
Warning: Port "1CLRN" of type 7474 and instance "inst" is missing source signal
Warning: Port "2D" of type 7474 and instance "inst1" is missing source signal
Warning: Port "2PRN" of type 7474 and instance "inst1" is missing source signal
Warning: Port "1PRN" of type 7474 and instance "inst1" is missing source signal
Warning: Port "2CLK" of type 7474 and instance "inst1" is missing source signal
Warning: Port "2CLRN" of type 7474 and instance "inst1" is missing source signal
Warning: Port "1CLRN" of type 7474 and instance "inst1" is missing source signal
Warning: Port "2D" of type 7474 and instance "inst3" is missing source signal
Warning: Port "2PRN" of type 7474 and instance "inst3" is missing source signal
Warning: Port "1PRN" of type 7474 and instance "inst3" is missing source signal
Warning: Port "2CLK" of type 7474 and instance "inst3" is missing source signal
Warning: Port "2CLRN" of type 7474 and instance "inst3" is missing source signal
Warning: Port "1CLRN" of type 7474 and instance "inst3" is missing source signal
Warning: Port "2D" of type 7474 and instance "inst4" is missing source signal
Warning: Port "2PRN" of type 7474 and instance "inst4" is missing source signal
Warning: Port "1PRN" of type 7474 and instance "inst4" is missing source signal
Warning: Port "2CLK" of type 7474 and instance "inst4" is missing source signal
Warning: Port "2CLRN" of type 7474 and instance "inst4" is missing source signal
Warning: Port "1CLRN" of type 7474 and instance "inst4" is missing source signal
Info: Found 1 design units, including 1 entities, in source file c:/altera/quartus60/libraries/others/maxplus2/7474.bdf
    Info: Found entity 1: 7474
Info: Elaborating entity "7474" for hierarchy "same5:inst51|7474:inst2"
Info: Elaborated megafunction instantiation "same5:inst51|7474:inst2"
Info: Elaborating entity "same6" for hierarchy "same6:inst52"
Warning: Port "2D" of type 7474 and instance "inst2" is missing source signal
Warning: Port "2PRN" of type 7474 and instance "inst2" is missing source signal
Warning: Port "1PRN" of type 7474 and instance "inst2" is missing source signal
Warning: Port "2CLK" of type 7474 and instance "inst2" is missing source signal
Warning: Port "2CLRN" of type 7474 and instance "inst2" is missing source signal
Warning: Port "1CLRN" of type 7474 and instance "inst2" is missing source signal
Warning: Port "2D" of type 7474 and instance "inst" is missing source signal
Warning: Port "2PRN" of type 7474 and instance "inst" is missing source signal
Warning: Port "1PRN" of type 7474 and instance "inst" is missing source signal
Warning: Port "2CLK" of type 7474 and instance "inst" is missing source signal
Warning: Port "2CLRN" of type 7474 and instance "inst" is missing source signal
Warning: Port "1CLRN" of type 7474 and instance "inst" is missing source signal
Warning: Port "2D" of type 7474 and instance "inst1" is missing source signal
Warning: Port "2PRN" of type 7474 and instance "inst1" is missing source signal
Warning: Port "1PRN" of type 7474 and instance "inst1" is missing source signal
Warning: Port "2CLK" of type 7474 and instance "inst1" is missing source signal
Warning: Port "2CLRN" of type 7474 and instance "inst1" is missing source signal
Warning: Port "1CLRN" of type 7474 and instance "inst1" is missing source signal
Warning: Port "2D" of type 7474 and instance "inst3" is missing source signal
Warning: Port "2PRN" of type 7474 and instance "inst3" is missing source signal
Warning: Port "1PRN" of type 7474 and instance "inst3" is missing source signal
Warning: Port "2CLK" of type 7474 and instance "inst3" is missing source signal
Warning: Port "2CLRN" of type 7474 and instance "inst3" is missing source signal
Warning: Port "1CLRN" of type 7474 and instance "inst3" is missing source signal
Warning: Port "2D" of type 7474 and instance "inst4" is missing source signal
Warning: Port "2PRN" of type 7474 and instance "inst4" is missing source signal
Warning: Port "1PRN" of type 7474 and instance "inst4" is missing source signal
Warning: Port "2CLK" of type 7474 and instance "inst4" is missing source signal
Warning: Port "2CLRN" of type 7474 and instance "inst4" is missing source signal
Warning: Port "1CLRN" of type 7474 and instance "inst4" is missing source signal
Warning: Port "2D" of type 7474 and instance "inst17" is missing source signal
Warning: Port "2PRN" of type 7474 and instance "inst17" is missing source signal
Warning: Port "1PRN" of type 7474 and instance "inst17" is missing source signal
Warning: Port "2CLK" of type 7474 and instance "inst17" is missing source signal
Warning: Port "2CLRN" of type 7474 and instance "inst17" is missing source signal
Warning: Port "1CLRN" of type 7474 and instance "inst17" is missing source signal
Info: Ignored 126 buffer(s)
    Info: Ignored 58 CARRY buffer(s)
    Info: Ignored 68 SOFT buffer(s)
Warning: Output pins are stuck at VCC or GND
    Warning: Pin "ho23" stuck at GND
Info: Implemented 162 device resources after synthesis - the final resource count might be different
    Info: Implemented 26 input pins
    Info: Implemented 27 output pins
    Info: Implemented 109 logic cells
Info: Quartus II Analysis & Synthesis was successful. 0 errors, 72 warnings
    Info: Processing ended: Sun May 13 16:01:10 2012
    Info: Elapsed time: 00:00:13


